C:\Users\Usuario\Desktop\SENA MELLO\fase 4\ferre\src\main\java\com\ferre\controlador\FacturaControlador.java
C:\Users\Usuario\Desktop\SENA MELLO\fase 4\ferre\src\main\java\com\ferre\vista\RegistrarCliente.java
C:\Users\Usuario\Desktop\SENA MELLO\fase 4\ferre\src\main\java\com\ferre\repository\EmpleadosRepository.java
C:\Users\Usuario\Desktop\SENA MELLO\fase 4\ferre\src\main\java\com\ferre\vista\GenerarVenta.java
C:\Users\Usuario\Desktop\SENA MELLO\fase 4\ferre\src\main\java\com\ferre\repository\ProductosRepository.java
C:\Users\Usuario\Desktop\SENA MELLO\fase 4\ferre\src\main\java\com\ferre\repository\DetallesFacturaRepository.java
C:\Users\Usuario\Desktop\SENA MELLO\fase 4\ferre\src\main\java\com\ferre\vista\ActualizarEmpleado.java
C:\Users\Usuario\Desktop\SENA MELLO\fase 4\ferre\src\main\java\com\ferre\controlador\EmpleadosControlador.java
C:\Users\Usuario\Desktop\SENA MELLO\fase 4\ferre\src\main\java\com\ferre\model\DetallesFactura.java
C:\Users\Usuario\Desktop\SENA MELLO\fase 4\ferre\src\main\java\com\ferre\vista\MenuPrincipal.java
C:\Users\Usuario\Desktop\SENA MELLO\fase 4\ferre\src\main\java\com\ferre\controlador\ProductosControlador.java
C:\Users\Usuario\Desktop\SENA MELLO\fase 4\ferre\src\main\java\com\ferre\model\Productos.java
C:\Users\Usuario\Desktop\SENA MELLO\fase 4\ferre\src\main\java\com\ferre\vista\FechaGen.java
C:\Users\Usuario\Desktop\SENA MELLO\fase 4\ferre\src\main\java\com\ferre\repository\ClienteRepository.java
C:\Users\Usuario\Desktop\SENA MELLO\fase 4\ferre\src\main\java\com\ferre\vista\MesVentas.java
C:\Users\Usuario\Desktop\SENA MELLO\fase 4\ferre\src\main\java\com\ferre\vista\Clientes.java
C:\Users\Usuario\Desktop\SENA MELLO\fase 4\ferre\src\main\java\com\ferre\vista\MesGanancias.java
C:\Users\Usuario\Desktop\SENA MELLO\fase 4\ferre\src\main\java\com\ferre\controlador\DetallesFacturaControlador.java
C:\Users\Usuario\Desktop\SENA MELLO\fase 4\ferre\src\main\java\com\ferre\model\Empleados.java
C:\Users\Usuario\Desktop\SENA MELLO\fase 4\ferre\src\main\java\com\ferre\vista\RegistrarEmpleado.java
C:\Users\Usuario\Desktop\SENA MELLO\fase 4\ferre\src\main\java\com\ferre\model\Cliente.java
C:\Users\Usuario\Desktop\SENA MELLO\fase 4\ferre\src\main\java\com\ferre\vista\ActualizarCliente.java
C:\Users\Usuario\Desktop\SENA MELLO\fase 4\ferre\src\main\java\com\ferre\vista\InventarioProducto.java
C:\Users\Usuario\Desktop\SENA MELLO\fase 4\ferre\src\main\java\com\ferre\controlador\ClienteControlador.java
C:\Users\Usuario\Desktop\SENA MELLO\fase 4\ferre\src\main\java\com\ferre\vista\Ventas.java
C:\Users\Usuario\Desktop\SENA MELLO\fase 4\ferre\src\main\java\com\ferre\repository\FacturaRepository.java
C:\Users\Usuario\Desktop\SENA MELLO\fase 4\ferre\src\main\java\com\ferre\vista\FacturaGen.java
C:\Users\Usuario\Desktop\SENA MELLO\fase 4\ferre\src\main\java\com\ferre\vista\EmpleadosV.java
C:\Users\Usuario\Desktop\SENA MELLO\fase 4\ferre\src\main\java\com\ferre\model\Factura.java
C:\Users\Usuario\Desktop\SENA MELLO\fase 4\ferre\src\main\java\com\ferre\vista\ActualizarProducto.java
C:\Users\Usuario\Desktop\SENA MELLO\fase 4\ferre\src\main\java\com\ferre\vista\RegistrarProducto.java
C:\Users\Usuario\Desktop\SENA MELLO\fase 4\ferre\src\main\java\com\ferre\model\TOFactura.java
C:\Users\Usuario\Desktop\SENA MELLO\fase 4\ferre\src\main\java\com\ferre\vista\Login.java
C:\Users\Usuario\Desktop\SENA MELLO\fase 4\ferre\src\main\java\com\ferre\controlador\LoginControlador.java
